[20:23:08] [main/INFO] (FabricLoader/GameProvider) Loading Minecraft 1.21.11 with Fabric Loader 0.19.3
[20:23:08] [main/INFO] (FabricLoader) Loading 43 mods:
	- fabric-api 0.141.5+1.21.11
	- fabric-api-base 1.0.5+4ebb5c083e
	- fabric-api-lookup-api-v1 1.6.114+20dc27073e
	- fabric-biome-api-v1 17.1.1+4fc5413f3e
	- fabric-block-api-v1 1.1.10+4ebb5c083e
	- fabric-block-view-api-v2 1.0.39+4ebb5c083e
	- fabric-command-api-v2 2.4.7+6b42a6003e
	- fabric-content-registries-v0 10.2.14+4fc5413f3e
	- fabric-convention-tags-v1 2.1.55+7f945d5b3e
	- fabric-convention-tags-v2 2.17.3+8ef948ba3e
	- fabric-crash-report-info-v1 0.3.23+4ebb5c083e
	- fabric-data-attachment-api-v1 1.8.48+eed0806f3e
	- fabric-data-generation-api-v1 23.5.0+88d7da613e
	- fabric-dimensions-v1 4.0.28+4fc5413f3e
	- fabric-entity-events-v1 3.1.1+1d0ab4303e
	- fabric-events-interaction-v0 4.1.1+3b89ecf63e
	- fabric-game-rule-api-v1 2.0.3+4fc5413f3e
	- fabric-gametest-api-v1 3.1.27+4fc5413f3e
	- fabric-item-api-v1 11.5.20+d0c46b9e3e
	- fabric-item-group-api-v1 4.2.36+4fc5413f3e
	- fabric-lifecycle-events-v1 2.6.15+4ebb5c083e
	- fabric-loot-api-v2 3.0.73+3f89f5a53e
	- fabric-loot-api-v3 2.0.20+78c8b4663e
	- fabric-message-api-v1 6.1.12+4ebb5c083e
	- fabric-networking-api-v1 5.1.6+6b6d71a53e
	- fabric-object-builder-api-v1 21.1.40+4fc5413f3e
	- fabric-particles-v1 4.2.12+4fc5413f3e
	- fabric-recipe-api-v1 8.2.4+4ebb5c083e
	- fabric-registry-sync-v0 6.2.6+1718722b3e
	- fabric-rendering-fluids-v1 3.1.43+4ebb5c083e
	- fabric-resource-conditions-api-v1 5.0.35+4fc5413f3e
	- fabric-resource-loader-v0 3.3.4+4fc5413f3e
	- fabric-resource-loader-v1 1.0.10+78c8b4663e
	- fabric-screen-handler-api-v1 1.3.162+4fc5413f3e
	- fabric-serialization-api-v1 1.0.5+4ebb5c083e
	- fabric-tag-api-v1 1.3.0+88d7da613e
	- fabric-transfer-api-v1 6.0.25+4fc5413f3e
	- fabric-transitive-access-wideners-v1 7.1.0+014c8cec3e
	- fabricloader 0.19.3
	- java 21
	- minecraft 1.21.11
	- mixinextras 0.5.4
	- rankedsmp 1.0.0
[20:23:08] [main/INFO] (FabricLoader/Mixin) SpongePowered MIXIN Subsystem Version=0.8.7 Source=file:/home/vebjorn/.gradle/caches/modules-2/files-2.1/net.fabricmc/sponge-mixin/0.17.3+mixin.0.8.7/41c4a3984a80f4679e759fb9f495587acc5cdac7/sponge-mixin-0.17.3+mixin.0.8.7.jar Service=Knot/Fabric Env=SERVER
[20:23:08] [main/INFO] (FabricLoader/Mixin) Loaded Fabric development mappings for mixin remapper!
[20:23:08] [main/INFO] (FabricLoader/Mixin) Compatibility level set to JAVA_21
[20:23:09] [main/INFO] (FabricLoader/MixinExtras|Service) Initializing MixinExtras via com.llamalad7.mixinextras.service.MixinExtrasServiceImpl(version=0.5.4).
[20:23:11] [main/INFO] (RankedSMP) RankedSMP (Fabric port) - originally by Lusik21556 - https://modrinth.com/plugin/ranked-smp
[20:23:11] [main/INFO] (RankedSMP) RankedSMP has been enabled!
[20:23:11] [main/ERROR] (Minecraft) Failed to load properties from file: server.properties
java.nio.file.NoSuchFileException: server.properties
	at java.base/sun.nio.fs.UnixException.translateToIOException(UnixException.java:92)
	at java.base/sun.nio.fs.UnixException.rethrowAsIOException(UnixException.java:106)
	at java.base/sun.nio.fs.UnixException.rethrowAsIOException(UnixException.java:111)
	at java.base/sun.nio.fs.UnixFileSystemProvider.newByteChannel(UnixFileSystemProvider.java:261)
	at java.base/java.nio.file.Files.newByteChannel(Files.java:380)
	at java.base/java.nio.file.Files.newByteChannel(Files.java:432)
	at java.base/java.nio.file.spi.FileSystemProvider.newInputStream(FileSystemProvider.java:420)
	at java.base/java.nio.file.Files.newInputStream(Files.java:160)
	at knot//net.minecraft.server.dedicated.AbstractPropertiesHandler.loadProperties(AbstractPropertiesHandler.java:62)
	at knot//net.minecraft.server.dedicated.ServerPropertiesHandler.load(ServerPropertiesHandler.java:154)
	at knot//net.minecraft.server.dedicated.ServerPropertiesLoader.<init>(ServerPropertiesLoader.java:12)
	at knot//net.minecraft.server.Main.main(Main.java:115)
	at net.fabricmc.loader.impl.game.minecraft.MinecraftGameProvider.launch(MinecraftGameProvider.java:514)
	at net.fabricmc.loader.impl.launch.knot.Knot.launch(Knot.java:72)
	at net.fabricmc.loader.impl.launch.knot.KnotServer.main(KnotServer.java:23)
	at net.fabricmc.devlaunchinjector.Main.main(Main.java:86)
[20:23:11] [main/INFO] (Minecraft) Environment: Environment[sessionHost=https://sessionserver.mojang.com, servicesHost=https://api.minecraftservices.com, profilesHost=https://api.mojang.com, name=PROD]
[20:23:11] [main/INFO] (Minecraft) No existing world data, creating new world
[20:23:12] [main/INFO] (Minecraft) Loaded 1470 recipes
[20:23:12] [main/INFO] (Minecraft) Loaded 1584 advancements
[20:23:12] [main/INFO] (BiomeModificationImpl) Applied 0 biome modifications to 0 of 65 new biomes in 533.2 μs
[20:23:12] [Server thread/INFO] (Minecraft) Starting minecraft server version 1.21.11
[20:23:12] [Server thread/INFO] (Minecraft) Loading properties
[20:23:12] [Server thread/INFO] (Minecraft) Default game type: SURVIVAL
[20:23:12] [Server thread/INFO] (Minecraft) Generating keypair
[20:23:12] [Server thread/INFO] (Minecraft) Starting Minecraft server on *:25565
[20:23:12] [Server thread/INFO] (Minecraft) Preparing level "world"
[20:23:12] [Server thread/INFO] (Minecraft) Selecting global world spawn...
[20:23:13] [Server thread/INFO] (Minecraft) Loading 0 persistent chunks...
[20:23:13] [Server thread/INFO] (Minecraft) Preparing spawn area: 100%
[20:23:13] [Server thread/INFO] (Minecraft) Time elapsed: 1091 ms
[20:23:13] [Server thread/INFO] (Minecraft) Done (1.228s)! For help, type "help"
